// Jest Snapshot v1, https://goo.gl/fbAQLP

exports[`<PropertyDetailsSideBar /> should render correctly 1`] = `
Object {
  "asFragment": [Function],
  "baseElement": <body>
    <div>
      <div
        class="PropertyDetailsSideBar PropertyDetailsSideBar--is-open"
        data-testid="Test"
      >
        <button
          class="PropertyDetailsSideBar__close"
          data-testid="Test-close-button"
        />
        <div
          class="PropertyDetailsSideBar__content"
          data-testid="Test-content"
        >
          <h1
            class="PropertyDetailsSideBar__header"
            data-testid="Test-header"
          >
            Loan is in Special Service
          </h1>
          <div
            class="PropertyDetailsSideBar__btn-group"
            data-testid="Test-btn-group"
          >
            <a
              class="PropertyDetailsSideBar__btn PropertyDetailsSideBar__btn--active"
              data-testid="Test-Watchlist-btn"
            >
              Watchlist
            </a>
            <a
              class="PropertyDetailsSideBar__btn"
              data-testid="Test-Special Service-btn"
            >
              Special Service
            </a>
            <a
              class="PropertyDetailsSideBar__btn"
              data-testid="Test-REO-btn"
            >
              REO
            </a>
          </div>
          <div
            class="PropertyDetailsSideBar__comments"
            data-testid="Test-comments"
          >
            <p>
              Subject is a retail property located in Tappahannock, VA. Q2 2012, occupancy is 77.99% and NCF DSCR is at 1.06x. 

06/04/2013: Property is on the watch list because NCF DSCR has dropped below threshold of 1.1x and occupancy is below 80%. The borrower is marketing the vacant space. Will continue to monitor property.
            </p>
          </div>
        </div>
      </div>
    </div>
  </body>,
  "container": <div>
    <div
      class="PropertyDetailsSideBar PropertyDetailsSideBar--is-open"
      data-testid="Test"
    >
      <button
        class="PropertyDetailsSideBar__close"
        data-testid="Test-close-button"
      />
      <div
        class="PropertyDetailsSideBar__content"
        data-testid="Test-content"
      >
        <h1
          class="PropertyDetailsSideBar__header"
          data-testid="Test-header"
        >
          Loan is in Special Service
        </h1>
        <div
          class="PropertyDetailsSideBar__btn-group"
          data-testid="Test-btn-group"
        >
          <a
            class="PropertyDetailsSideBar__btn PropertyDetailsSideBar__btn--active"
            data-testid="Test-Watchlist-btn"
          >
            Watchlist
          </a>
          <a
            class="PropertyDetailsSideBar__btn"
            data-testid="Test-Special Service-btn"
          >
            Special Service
          </a>
          <a
            class="PropertyDetailsSideBar__btn"
            data-testid="Test-REO-btn"
          >
            REO
          </a>
        </div>
        <div
          class="PropertyDetailsSideBar__comments"
          data-testid="Test-comments"
        >
          <p>
            Subject is a retail property located in Tappahannock, VA. Q2 2012, occupancy is 77.99% and NCF DSCR is at 1.06x. 

06/04/2013: Property is on the watch list because NCF DSCR has dropped below threshold of 1.1x and occupancy is below 80%. The borrower is marketing the vacant space. Will continue to monitor property.
          </p>
        </div>
      </div>
    </div>
  </div>,
  "debug": [Function],
  "findAllByAltText": [Function],
  "findAllByDisplayValue": [Function],
  "findAllByLabelText": [Function],
  "findAllByPlaceholderText": [Function],
  "findAllByRole": [Function],
  "findAllByTestId": [Function],
  "findAllByText": [Function],
  "findAllByTitle": [Function],
  "findByAltText": [Function],
  "findByDisplayValue": [Function],
  "findByLabelText": [Function],
  "findByPlaceholderText": [Function],
  "findByRole": [Function],
  "findByTestId": [Function],
  "findByText": [Function],
  "findByTitle": [Function],
  "getAllByAltText": [Function],
  "getAllByDisplayValue": [Function],
  "getAllByLabelText": [Function],
  "getAllByPlaceholderText": [Function],
  "getAllByRole": [Function],
  "getAllByTestId": [Function],
  "getAllByText": [Function],
  "getAllByTitle": [Function],
  "getByAltText": [Function],
  "getByDisplayValue": [Function],
  "getByLabelText": [Function],
  "getByPlaceholderText": [Function],
  "getByRole": [Function],
  "getByTestId": [Function],
  "getByText": [Function],
  "getByTitle": [Function],
  "queryAllByAltText": [Function],
  "queryAllByDisplayValue": [Function],
  "queryAllByLabelText": [Function],
  "queryAllByPlaceholderText": [Function],
  "queryAllByRole": [Function],
  "queryAllByTestId": [Function],
  "queryAllByText": [Function],
  "queryAllByTitle": [Function],
  "queryByAltText": [Function],
  "queryByDisplayValue": [Function],
  "queryByLabelText": [Function],
  "queryByPlaceholderText": [Function],
  "queryByRole": [Function],
  "queryByTestId": [Function],
  "queryByText": [Function],
  "queryByTitle": [Function],
  "rerender": [Function],
  "unmount": [Function],
}
`;
